#
# There is insufficient memory for the Java Runtime Environment to continue.
# Native memory allocation (mmap) failed to map 268435456 bytes. Error detail: G1 virtual space
# Possible reasons:
#   The system is out of physical RAM or swap space
#   This process is running with CompressedOops enabled, and the Java Heap may be blocking the growth of the native heap
# Possible solutions:
#   Reduce memory load on the system
#   Increase physical memory or swap space
#   Check if swap backing store is full
#   Decrease Java heap size (-Xmx/-Xms)
#   Decrease number of Java threads
#   Decrease Java thread stack sizes (-Xss)
#   Set larger code cache with -XX:ReservedCodeCacheSize=
#   JVM is running with Zero Based Compressed Oops mode in which the Java heap is
#     placed in the first 32GB address space. The Java Heap base address is the
#     maximum limit for the native heap growth. Please use -XX:HeapBaseMinAddress
#     to set the Java Heap base and to place the Java Heap above 32GB virtual address.
# This output file may be truncated or incomplete.
#
#  Out of Memory Error (os_windows.cpp:3785), pid=35684, tid=24632
#
# JRE version:  (25.0.4+1) (build )
# Java VM: OpenJDK 64-Bit Server VM (25.0.4+1-b508.27, mixed mode, sharing, tiered, compressed oops, compressed class ptrs, g1 gc, windows-amd64)
# No core dump will be written. Minidumps are not enabled by default on client versions of Windows
#

---------------  S U M M A R Y ------------

Command Line: git4idea.http.GitAskPassApp Username for 'https://github.com': 

Host: Intel(R) Core(TM) i7-9700K CPU @ 3.60GHz, 8 cores, 15G,  Windows 10 , 64 bit Build 19041 (10.0.19041.5915)
Time: Tue Sep 22 20:03:03 2026 Pacific Daylight Time elapsed time: 0.064326 seconds (0d 0h 0m 0s)

---------------  T H R E A D  ---------------

Current thread (0x0000028327c13570):  JavaThread "Unknown thread" [_thread_in_vm, id=24632, stack(0x000000e90b000000,0x000000e90b100000) (1024K)]

Stack: [0x000000e90b000000,0x000000e90b100000]
Native frames: (J=compiled Java code, j=interpreted, Vv=VM code, C=native code)
V  [jvm.dll+0x7c3f79]  (no source info available)
V  [jvm.dll+0x78d34d]  (no source info available)
V  [jvm.dll+0xa14d4c]  (no source info available)
V  [jvm.dll+0xa1754c]  (no source info available)
V  [jvm.dll+0xa17c43]  (no source info available)
V  [jvm.dll+0x308ae6]  (no source info available)
V  [jvm.dll+0x7c0155]  (no source info available)
V  [jvm.dll+0x7b3067]  (no source info available)
V  [jvm.dll+0x402f1e]  (no source info available)
V  [jvm.dll+0x40ad3b]  (no source info available)
V  [jvm.dll+0x3f7579]  (no source info available)
V  [jvm.dll+0x3f782b]  (no source info available)
V  [jvm.dll+0x3cd833]  (no source info available)
V  [jvm.dll+0x3ce49e]  (no source info available)
V  [jvm.dll+0x9dae27]  (no source info available)
V  [jvm.dll+0x4686b2]  (no source info available)
V  [jvm.dll+0x9be559]  (no source info available)
V  [jvm.dll+0x50ac41]  (no source info available)
V  [jvm.dll+0x50c5b1]  (no source info available)
C  [jli.dll+0x5422]  (no source info available)
C  [ucrtbase.dll+0x21bb2]  (no source info available)
C  [KERNEL32.DLL+0x17374]  (no source info available)
C  [ntdll.dll+0x4cc91]  (no source info available)

Lock stack of current Java thread (top to bottom):


---------------  P R O C E S S  ---------------

Threads class SMR info:
_java_thread_list=0x00007ffa9e192108, length=0, elements={
}

Java Threads: ( => current thread )
Total: 0

Other Threads:
  0x0000028327c82d80 WorkerThread "GC Thread#0"                     [id=33840, stack(0x000000e90b100000,0x000000e90b200000) (1024K)]
  0x0000028327c9de10 ConcurrentGCThread "G1 Main Marker"            [id=36132, stack(0x000000e90b200000,0x000000e90b300000) (1024K)]
  0x0000028327c9f1c0 WorkerThread "G1 Conc#0"                       [id=34244, stack(0x000000e90b300000,0x000000e90b400000) (1024K)]

[error occurred during error reporting (printing all threads), id 0xc0000005, EXCEPTION_ACCESS_VIOLATION (0xc0000005) at pc=0x00007ffa9d7a261a]
VM state: not at safepoint (not fully initialized)

VM Mutex/Monitor currently owned by a thread:  ([mutex/lock_event])
[0x00007ffa9e21b060] Heap_lock - owner thread: 0x0000028327c13570

Heap address: 0x0000000701400000, size: 4076 MB, Compressed Oops mode: Zero based, Oop shift amount: 3

CDS archive(s) mapped at: [0x0000000000000000-0x0000000000000000-0x0000000000000000), size 0, SharedBaseAddress: 0x0000000800000000, ArchiveRelocationMode: 1.
UseCompressedClassPointers 1, UseCompactObjectHeaders 0
Narrow klass pointer bits 32, Max shift 3
Narrow klass base: 0xffffffffffffffff, Narrow klass shift: -1
Encoding Range: [0xffffffffffffffff - 0x000000007fffffff), (2147483648 bytes)
Klass Range:    [0x0000000000000000 - 0x0000000000000000), (0 bytes)
Klass ID Range:  [4294967295 - 0) (1)
No protection zone.

GC Precious Log:
 CardTable entry size: 512
 Card Set container configuration: InlinePtr #cards 4 size 8 Array Of Cards #cards 16 size 48 Howl #buckets 8 coarsen threshold 3686 Howl Bitmap #cards 512 size 80 coarsen threshold 460 Card regions per heap region 1 cards per card region 4096

Heap:
 garbage-first heap   total reserved 4173824K, committed 0K, used 0K [0x0000000701400000, 0x0000000800000000)
  region size 2048K, 0 young (0K), 0 survivors (0K)

Heap Regions: E=young(eden), S=young(survivor), O=old, HS=humongous(starts), HC=humongous(continues), CS=collection set, F=free, TAMS=top-at-mark-start, PB=parsable bottom

Card table byte_map: [0x000002833b2e0000,0x000002833bae0000] _byte_map_base: 0x0000028337ad6000

Marking Bits: (CMBitMap*) 0x0000028327c83510
 Bits: [0x000002833bae0000, 0x000002833fa90000)

GC Heap Usage History (0 events):
No events

Metaspace Usage History (0 events):
No events

Dll operation events (2 events):
Event: 0.004 Attempting to load shared library C:\Program Files\JetBrains\IntelliJ IDEA 2026.2.3\jbr\bin\java.dll
Event: 0.006 Loaded shared library C:\Program Files\JetBrains\IntelliJ IDEA 2026.2.3\jbr\bin\java.dll

Deoptimization events (0 events):
No events

Classes loaded (0 events):
No events

Classes unloaded (0 events):
No events

Classes redefined (0 events):
No events

Internal exceptions (0 events):
No events

VM Operations (0 events):
No events

Memory protections (0 events):
No events

Nmethod flushes (0 events):
No events

Events (0 events):
No events


Dynamic libraries:
0x00007ff7c1650000 - 0x00007ff7c165a000 	C:\Program Files\JetBrains\IntelliJ IDEA 2026.2.3\jbr\bin\java.exe
0x00007ffafe1d0000 - 0x00007ffafe3c8000 	C:\Windows\SYSTEM32\ntdll.dll
0x00007ffafc220000 - 0x00007ffafc2e2000 	C:\Windows\System32\KERNEL32.DLL
0x00007ffafbbf0000 - 0x00007ffafbee6000 	C:\Windows\System32\KERNELBASE.dll
0x00007ffafb860000 - 0x00007ffafb960000 	C:\Windows\System32\ucrtbase.dll
0x00007ffad3440000 - 0x00007ffad345e000 	C:\Program Files\JetBrains\IntelliJ IDEA 2026.2.3\jbr\bin\VCRUNTIME140.dll
0x00007ffaec940000 - 0x00007ffaec957000 	C:\Program Files\JetBrains\IntelliJ IDEA 2026.2.3\jbr\bin\jli.dll
0x00007ffafcbd0000 - 0x00007ffafcd71000 	C:\Windows\System32\USER32.dll
0x00007ffafbbc0000 - 0x00007ffafbbe2000 	C:\Windows\System32\win32u.dll
0x00007ffafac00000 - 0x00007ffafae9b000 	C:\Windows\WinSxS\amd64_microsoft.windows.common-controls_6595b64144ccf1df_6.0.19041.6456_none_60b8a6cb71f64256\COMCTL32.dll
0x00007ffafc1f0000 - 0x00007ffafc21b000 	C:\Windows\System32\GDI32.dll
0x00007ffafd9f0000 - 0x00007ffafda8e000 	C:\Windows\System32\msvcrt.dll
0x00007ffafbaa0000 - 0x00007ffafbbb9000 	C:\Windows\System32\gdi32full.dll
0x00007ffafbef0000 - 0x00007ffafbf8d000 	C:\Windows\System32\msvcp_win.dll
0x00007ffafd940000 - 0x00007ffafd96f000 	C:\Windows\System32\IMM32.DLL
0x00007ffad3460000 - 0x00007ffad346c000 	C:\Program Files\JetBrains\IntelliJ IDEA 2026.2.3\jbr\bin\vcruntime140_1.dll
0x00007ffaa02d0000 - 0x00007ffaa0359000 	C:\Program Files\JetBrains\IntelliJ IDEA 2026.2.3\jbr\bin\msvcp140.dll
0x00007ffa9d3c0000 - 0x00007ffa9e31b000 	C:\Program Files\JetBrains\IntelliJ IDEA 2026.2.3\jbr\bin\server\jvm.dll
0x00007ffafdcd0000 - 0x00007ffafdd81000 	C:\Windows\System32\ADVAPI32.dll
0x00007ffafdba0000 - 0x00007ffafdc3f000 	C:\Windows\System32\sechost.dll
0x00007ffafce30000 - 0x00007ffafcf50000 	C:\Windows\System32\RPCRT4.dll
0x00007ffafb960000 - 0x00007ffafb987000 	C:\Windows\System32\bcrypt.dll
0x00007ffafd970000 - 0x00007ffafd9db000 	C:\Windows\System32\WS2_32.dll
0x00007ffafb450000 - 0x00007ffafb49b000 	C:\Windows\SYSTEM32\POWRPROF.dll
0x00007ffae95a0000 - 0x00007ffae95c7000 	C:\Windows\SYSTEM32\WINMM.dll
0x00007ffaf35a0000 - 0x00007ffaf35aa000 	C:\Windows\SYSTEM32\VERSION.dll
0x00007ffafaf90000 - 0x00007ffafafa2000 	C:\Windows\SYSTEM32\UMPDC.dll
0x00007ffaf99f0000 - 0x00007ffaf9a02000 	C:\Windows\SYSTEM32\kernel.appcore.dll
0x00007ffad3430000 - 0x00007ffad343a000 	C:\Program Files\JetBrains\IntelliJ IDEA 2026.2.3\jbr\bin\jimage.dll
0x00007ffafb240000 - 0x00007ffafb441000 	C:\Windows\SYSTEM32\DBGHELP.DLL
0x00007ffafafd0000 - 0x00007ffafb004000 	C:\Windows\SYSTEM32\dbgcore.DLL
0x00007ffafb990000 - 0x00007ffafba12000 	C:\Windows\System32\bcryptPrimitives.dll
0x00007ffad3170000 - 0x00007ffad318f000 	C:\Program Files\JetBrains\IntelliJ IDEA 2026.2.3\jbr\bin\java.dll
0x00007ffafd3e0000 - 0x00007ffafd50b000 	C:\Windows\System32\ole32.dll
0x00007ffafd5e0000 - 0x00007ffafd934000 	C:\Windows\System32\combase.dll
0x00007ffafc460000 - 0x00007ffafcbd0000 	C:\Windows\System32\SHELL32.dll

JVMTI agents: none

dbghelp: loaded successfully - version: 4.0.5 - missing functions: none
symbol engine: initialized successfully - sym options: 0x614 - pdb path: .;C:\Program Files\JetBrains\IntelliJ IDEA 2026.2.3\jbr\bin;C:\Windows\SYSTEM32;C:\Windows\WinSxS\amd64_microsoft.windows.common-controls_6595b64144ccf1df_6.0.19041.6456_none_60b8a6cb71f64256;C:\Program Files\JetBrains\IntelliJ IDEA 2026.2.3\jbr\bin\server

VM Arguments:
java_command: git4idea.http.GitAskPassApp Username for 'https://github.com': 
java_class_path (initial): C:/Program Files/JetBrains/IntelliJ IDEA 2026.2.3/plugins/vcs-git/lib/git4idea-rt.jar;C:/Program Files/JetBrains/IntelliJ IDEA 2026.2.3/lib/externalProcess-rt.jar
Launcher Type: SUN_STANDARD

[Global flags]
     intx CICompilerCount                          = 4                                         {product} {ergonomic}
     uint ConcGCThreads                            = 2                                         {product} {ergonomic}
     uint G1ConcRefinementThreads                  = 8                                         {product} {ergonomic}
   size_t G1HeapRegionSize                         = 2097152                                   {product} {ergonomic}
   size_t InitialHeapSize                          = 268435456                                 {product} {ergonomic}
   size_t MarkStackSize                            = 4194304                                   {product} {ergonomic}
   size_t MarkStackSizeMax                         = 536870912                                 {product} {ergonomic}
   size_t MaxHeapSize                              = 4273995776                                {product} {ergonomic}
   size_t MinHeapDeltaBytes                        = 2097152                                   {product} {ergonomic}
   size_t MinHeapSize                              = 8388608                                   {product} {ergonomic}
    uintx NonNMethodCodeHeapSize                   = 5898240                                {pd product} {ergonomic}
    uintx NonProfiledCodeHeapSize                  = 122945536                              {pd product} {ergonomic}
     bool PerfDisableSharedMem                     = true                                      {product} {ergonomic}
    uintx ProfiledCodeHeapSize                     = 122945536                              {pd product} {ergonomic}
    uintx ReservedCodeCacheSize                    = 251789312                              {pd product} {ergonomic}
     bool SegmentedCodeCache                       = true                                      {product} {ergonomic}
   size_t SoftMaxHeapSize                          = 4273995776                             {manageable} {ergonomic}
     bool UseCompressedOops                        = true                           {product lp64_product} {ergonomic}
     bool UseG1GC                                  = true                                      {product} {ergonomic}
     bool UseLargePagesIndividualAllocation        = false                                  {pd product} {ergonomic}

Logging:
Log output configuration:
 #0: stdout all=warning uptime,level,tags foldmultilines=false
 #1: stderr all=off uptime,level,tags foldmultilines=false

Release file:
<release file has not been read>
Environment Variables:
JAVA_HOME=C:\Users\chris\.jdks\graalvm-jdk-25\
PATH=C:/Program Files/Git/mingw64/libexec/git-core;C:/Program Files/Git/mingw64/libexec/git-core;C:\Program Files\Git\mingw64\bin;C:\Program Files\Git\usr\bin;C:\Users\chris\bin;C:\Users\chris\.jdks\graalvm-jdk-25\bin;C:\Program Files\Eclipse Adoptium\jdk-17.0.13.11-hotspot\bin;C:\Program Files (x86)\Common Files\Oracle\Java\java8path;C:\Program Files (x86)\Common Files\Oracle\Java\javapath;C:\Program Files\Oculus\Support\oculus-runtime;C:\Windows\system32;C:\Windows;C:\Windows\System32\Wbem;C:\Windows\System32\WindowsPowerShell\v1.0\;C:\Windows\System32\OpenSSH\;C:\Program Files (x86)\NVIDIA Corporation\PhysX\Common;C:\Program Files\NVIDIA Corporation\NVIDIA NvDLISR;C:\Program Files\Git\cmd;C:\Program Files\dotnet\;C:\Users\chris\AppData\Local\Programs\Python\Python310\Scripts\;C:\Users\chris\AppData\Local\Programs\Python\Python310\;C:\Users\chris\AppData\Local\Programs\Eclipse Adoptium\jdk-21.0.4.7-hotspot\bin;C:\Python\Python312\Scripts\;C:\Python\Python312\;C:\Users\chris\AppData\Local\Programs\Python\Launcher\;C:\Users\chris\AppData\Local\Microsoft\WindowsApps;C:\Users\chris\AppData\Local\Programs\Microsoft VS Code\bin
USERNAME=chris
DISPLAY=:0.0
LC_ALL=en_US.UTF-8
TERM=xterm-256color
TMPDIR=C:\Users\chris\AppData\Local\Temp
OS=Windows_NT
PROCESSOR_IDENTIFIER=Intel64 Family 6 Model 158 Stepping 13, GenuineIntel
TMP=C:\Users\chris\AppData\Local\Temp
TEMP=C:\Users\chris\AppData\Local\Temp




Compilation memory statistics disabled.

Periodic native trim disabled

JNI global refs:
JNI global refs: 0, weak refs: 0

JNI global refs memory usage: 0, weak refs: 0

Process memory usage:
Resident Set Size: 12284K (0% of 16694600K total physical memory with 2022252K free physical memory)

OOME stack traces (most recent first):
Classloader memory used:

---------------  S Y S T E M  ---------------

OS:
 Windows 10 , 64 bit Build 19041 (10.0.19041.5915)
OS uptime: 1 days 5:40 hours

CPU: total 8 (initial active 8) (8 cores per cpu, 1 threads per core) family 6 model 158 stepping 13 microcode 0xd2, cx8, cmov, fxsr, mmx, 3dnowpref, sse, sse2, sse3, ssse3, sse4.1, sse4.2, popcnt, lzcnt, tsc, tscinvbit, avx, avx2, aes, erms, clmul, bmi1, bmi2, adx, fma, vzeroupper, clflush, clflushopt, rdtscp, f16c
Processor Information for the first 8 processors :
  Max Mhz: 3600, Current Mhz: 3600, Mhz Limit: 3600

Memory: 4k page, system-wide physical 16303M (1974M free)
TotalPageFile size 28966M (AvailPageFile size 104M)
current process WorkingSet (physical memory assigned to process): 12M, peak: 12M
current process commit charge ("private bytes"): 60M, peak: 316M

vm_info: OpenJDK 64-Bit Server VM (25.0.4+1-b508.27) for windows-amd64 JRE (25.0.4+1-b508.27), built on 2026-07-30 with MS VC++ 17.14 (VS2022)

END.
