#
# There is insufficient memory for the Java Runtime Environment to continue.
# Native memory allocation (malloc) failed to allocate 32752 bytes. Error detail: Chunk::new
# Possible reasons:
#   The system is out of physical RAM or swap space
#   This process is running with CompressedOops enabled, and the Java Heap may be blocking the growth of the native heap
# Possible solutions:
#   Reduce memory load on the system
#   Increase physical memory or swap space
#   Check if swap backing store is full
#   Decrease Java heap size (-Xmx/-Xms)
#   Decrease number of Java threads
#   Decrease Java thread stack sizes (-Xss)
#   Set larger code cache with -XX:ReservedCodeCacheSize=
#   JVM is running with Zero Based Compressed Oops mode in which the Java heap is
#     placed in the first 32GB address space. The Java Heap base address is the
#     maximum limit for the native heap growth. Please use -XX:HeapBaseMinAddress
#     to set the Java Heap base and to place the Java Heap above 32GB virtual address.
# This output file may be truncated or incomplete.
#
#  Out of Memory Error (arena.cpp:186), pid=37084, tid=36812
#
# JRE version: OpenJDK Runtime Environment JBR-25.0.4+1-508.27-nomod (25.0.4+1) (build 25.0.4+1-b508.27)
# Java VM: OpenJDK 64-Bit Server VM JBR-25.0.4+1-508.27-nomod (25.0.4+1-b508.27, mixed mode, tiered, compressed oops, compressed class ptrs, g1 gc, windows-amd64)
# No core dump will be written. Minidumps are not enabled by default on client versions of Windows
#

---------------  S U M M A R Y ------------

Command Line: git4idea.http.GitAskPassApp Username for 'https://github.com': 

Host: Intel(R) Core(TM) i7-9700K CPU @ 3.60GHz, 8 cores, 15G,  Windows 10 , 64 bit Build 19041 (10.0.19041.5915)
Time: Wed Sep 23 03:03:04 2026 Pacific Daylight Time elapsed time: 0.428785 seconds (0d 0h 0m 0s)

---------------  T H R E A D  ---------------

Current thread (0x000001c897018360):  JavaThread "C1 CompilerThread0" daemon [_thread_in_native, id=36812, stack(0x0000002de1700000,0x0000002de1800000) (1024K)]


Current CompileTask:
C1:428  466       3       jdk.internal.classfile.impl.StackMapGenerator::processBlock (2767 bytes)

Stack: [0x0000002de1700000,0x0000002de1800000]
Native frames: (J=compiled Java code, j=interpreted, Vv=VM code, C=native code)
V  [jvm.dll+0x7c3f79]  (no source info available)
V  [jvm.dll+0x78d34d]  (no source info available)
V  [jvm.dll+0xa14d4c]  (no source info available)
V  [jvm.dll+0xa1754c]  (no source info available)
V  [jvm.dll+0xa17c43]  (no source info available)
V  [jvm.dll+0x308ae6]  (no source info available)
V  [jvm.dll+0x114f66]  (no source info available)
V  [jvm.dll+0x115296]  (no source info available)
V  [jvm.dll+0x208aa3]  (no source info available)
V  [jvm.dll+0x208b69]  (no source info available)
V  [jvm.dll+0x20aeee]  (no source info available)
V  [jvm.dll+0x20c701]  (no source info available)
V  [jvm.dll+0x1c80e2]  (no source info available)
V  [jvm.dll+0x1c777f]  (no source info available)
V  [jvm.dll+0x1c7a3e]  (no source info available)
V  [jvm.dll+0x1c6f8c]  (no source info available)
V  [jvm.dll+0x1c8dad]  (no source info available)
V  [jvm.dll+0x2d98b4]  (no source info available)
V  [jvm.dll+0x2d7adb]  (no source info available)
V  [jvm.dll+0x49f685]  (no source info available)
V  [jvm.dll+0x9b47fd]  (no source info available)
V  [jvm.dll+0x7c2465]  (no source info available)
C  [ucrtbase.dll+0x21bb2]  (no source info available)
C  [KERNEL32.DLL+0x17374]  (no source info available)
C  [ntdll.dll+0x4cc91]  (no source info available)

Lock stack of current Java thread (top to bottom):


---------------  P R O C E S S  ---------------

Threads class SMR info:
_java_thread_list=0x000001c897164300, length=11, elements={
0x000001c8f5ee0f40, 0x000001c8ffb22ce0, 0x000001c8ffb26980, 0x000001c8ffb27bf0,
0x000001c8ffb3f150, 0x000001c8ffb3fd10, 0x000001c897010080, 0x000001c897010840,
0x000001c897015740, 0x000001c897018360, 0x000001c897189120
}

Java Threads: ( => current thread )
  0x000001c8f5ee0f40 JavaThread "main"                              [_thread_in_vm, id=28592, stack(0x0000002de0700000,0x0000002de0800000) (1024K)]
  0x000001c8ffb22ce0 JavaThread "Common-Cleaner"             daemon [_thread_blocked, id=33660, stack(0x0000002de0f00000,0x0000002de1000000) (1024K)]
  0x000001c8ffb26980 JavaThread "Reference Handler"          daemon [_thread_blocked, id=33328, stack(0x0000002de1000000,0x0000002de1100000) (1024K)]
  0x000001c8ffb27bf0 JavaThread "Finalizer"                  daemon [_thread_blocked, id=36584, stack(0x0000002de1100000,0x0000002de1200000) (1024K)]
  0x000001c8ffb3f150 JavaThread "Signal Dispatcher"          daemon [_thread_blocked, id=19336, stack(0x0000002de1200000,0x0000002de1300000) (1024K)]
  0x000001c8ffb3fd10 JavaThread "Attach Listener"            daemon [_thread_blocked, id=32668, stack(0x0000002de1300000,0x0000002de1400000) (1024K)]
  0x000001c897010080 JavaThread "Service Thread"             daemon [_thread_blocked, id=2640, stack(0x0000002de1400000,0x0000002de1500000) (1024K)]
  0x000001c897010840 JavaThread "Monitor Deflation Thread"   daemon [_thread_blocked, id=8328, stack(0x0000002de1500000,0x0000002de1600000) (1024K)]
  0x000001c897015740 JavaThread "C2 CompilerThread0"         daemon [_thread_blocked, id=26264, stack(0x0000002de1600000,0x0000002de1700000) (1024K)]
=>0x000001c897018360 JavaThread "C1 CompilerThread0"         daemon [_thread_in_native, id=36812, stack(0x0000002de1700000,0x0000002de1800000) (1024K)]
  0x000001c897189120 JavaThread "Notification Thread"        daemon [_thread_blocked, id=36616, stack(0x0000002de1800000,0x0000002de1900000) (1024K)]
Total: 11

Other Threads:
  0x000001c8ffac8db0 VMThread "VM Thread"                           [id=22480, stack(0x0000002de0e00000,0x0000002de0f00000) (1024K)]
  0x000001c8ffa9d140 WatcherThread "VM Periodic Task Thread"        [id=23128, stack(0x0000002de0d00000,0x0000002de0e00000) (1024K)]
  0x000001c8f82a49e0 WorkerThread "GC Thread#0"                     [id=18568, stack(0x0000002de0800000,0x0000002de0900000) (1024K)]
  0x000001c8f82bf8f0 ConcurrentGCThread "G1 Main Marker"            [id=29480, stack(0x0000002de0900000,0x0000002de0a00000) (1024K)]
  0x000001c8f82c2520 WorkerThread "G1 Conc#0"                       [id=32172, stack(0x0000002de0a00000,0x0000002de0b00000) (1024K)]
  0x000001c8ff971160 ConcurrentGCThread "G1 Refine#0"               [id=37844, stack(0x0000002de0b00000,0x0000002de0c00000) (1024K)]
  0x000001c8ff972b80 ConcurrentGCThread "G1 Service"                [id=35448, stack(0x0000002de0c00000,0x0000002de0d00000) (1024K)]
Total: 7

Threads with active compile tasks:
C1 CompilerThread0  473  466       3       jdk.internal.classfile.impl.StackMapGenerator::processBlock (2767 bytes)
Total: 1

VM state: not at safepoint (normal execution)

VM Mutex/Monitor currently owned by a thread:  ([mutex/lock_event])
[0x00007ffa9e218b60] Metaspace_lock - owner thread: 0x000001c8f5ee0f40

Heap address: 0x0000000701400000, size: 4076 MB, Compressed Oops mode: Zero based, Oop shift amount: 3

CDS archive(s) not mapped
Compressed class space mapped at: 0x000000002e000000-0x000000006e000000, reserved size: 1073741824
UseCompressedClassPointers 1, UseCompactObjectHeaders 0
Narrow klass pointer bits 32, Max shift 3
Narrow klass base: 0x0000000000000000, Narrow klass shift: 0
Encoding Range: [0x0000000000000000 - 0x0000000100000000), (4294967296 bytes)
Klass Range:    [0x000000002e000000 - 0x000000006e000000), (1073741824 bytes)
Klass ID Range:  [771751936 - 1845493753) (1073741817)
No protection zone.

GC Precious Log:
 CardTable entry size: 512
 Card Set container configuration: InlinePtr #cards 4 size 8 Array Of Cards #cards 16 size 48 Howl #buckets 8 coarsen threshold 3686 Howl Bitmap #cards 512 size 80 coarsen threshold 460 Card regions per heap region 1 cards per card region 4096
 CPUs: 8 total, 8 available
 Memory: 16303M
 Large Page Support: Disabled
 NUMA Support: Disabled
 Compressed Oops: Enabled (Zero based)
 Heap Region Size: 2M
 Heap Min Capacity: 8M
 Heap Initial Capacity: 256M
 Heap Max Capacity: 4076M
 Pre-touch: Disabled
 Parallel Workers: 8
 Concurrent Workers: 2
 Concurrent Refinement Workers: 8
 Periodic GC: Disabled

Heap:
 garbage-first heap   total reserved 4173824K, committed 262144K, used 6144K [0x0000000701400000, 0x0000000800000000)
  region size 2048K, 4 young (8192K), 0 survivors (0K)

Heap Regions: E=young(eden), S=young(survivor), O=old, HS=humongous(starts), HC=humongous(continues), CS=collection set, F=free, TAMS=top-at-mark-start, PB=parsable bottom
|   0|0x0000000701400000, 0x0000000701400000, 0x0000000701600000|  0%| F|  |TAMS 0x0000000701400000| PB 0x0000000701400000| Untracked |  0
|   1|0x0000000701600000, 0x0000000701600000, 0x0000000701800000|  0%| F|  |TAMS 0x0000000701600000| PB 0x0000000701600000| Untracked |  0
|   2|0x0000000701800000, 0x0000000701800000, 0x0000000701a00000|  0%| F|  |TAMS 0x0000000701800000| PB 0x0000000701800000| Untracked |  0
|   3|0x0000000701a00000, 0x0000000701a00000, 0x0000000701c00000|  0%| F|  |TAMS 0x0000000701a00000| PB 0x0000000701a00000| Untracked |  0
|   4|0x0000000701c00000, 0x0000000701c00000, 0x0000000701e00000|  0%| F|  |TAMS 0x0000000701c00000| PB 0x0000000701c00000| Untracked |  0
|   5|0x0000000701e00000, 0x0000000701e00000, 0x0000000702000000|  0%| F|  |TAMS 0x0000000701e00000| PB 0x0000000701e00000| Untracked |  0
|   6|0x0000000702000000, 0x0000000702000000, 0x0000000702200000|  0%| F|  |TAMS 0x0000000702000000| PB 0x0000000702000000| Untracked |  0
|   7|0x0000000702200000, 0x0000000702200000, 0x0000000702400000|  0%| F|  |TAMS 0x0000000702200000| PB 0x0000000702200000| Untracked |  0
|   8|0x0000000702400000, 0x0000000702400000, 0x0000000702600000|  0%| F|  |TAMS 0x0000000702400000| PB 0x0000000702400000| Untracked |  0
|   9|0x0000000702600000, 0x0000000702600000, 0x0000000702800000|  0%| F|  |TAMS 0x0000000702600000| PB 0x0000000702600000| Untracked |  0
|  10|0x0000000702800000, 0x0000000702800000, 0x0000000702a00000|  0%| F|  |TAMS 0x0000000702800000| PB 0x0000000702800000| Untracked |  0
|  11|0x0000000702a00000, 0x0000000702a00000, 0x0000000702c00000|  0%| F|  |TAMS 0x0000000702a00000| PB 0x0000000702a00000| Untracked |  0
|  12|0x0000000702c00000, 0x0000000702c00000, 0x0000000702e00000|  0%| F|  |TAMS 0x0000000702c00000| PB 0x0000000702c00000| Untracked |  0
|  13|0x0000000702e00000, 0x0000000702e00000, 0x0000000703000000|  0%| F|  |TAMS 0x0000000702e00000| PB 0x0000000702e00000| Untracked |  0
|  14|0x0000000703000000, 0x0000000703000000, 0x0000000703200000|  0%| F|  |TAMS 0x0000000703000000| PB 0x0000000703000000| Untracked |  0
|  15|0x0000000703200000, 0x0000000703200000, 0x0000000703400000|  0%| F|  |TAMS 0x0000000703200000| PB 0x0000000703200000| Untracked |  0
|  16|0x0000000703400000, 0x0000000703400000, 0x0000000703600000|  0%| F|  |TAMS 0x0000000703400000| PB 0x0000000703400000| Untracked |  0
|  17|0x0000000703600000, 0x0000000703600000, 0x0000000703800000|  0%| F|  |TAMS 0x0000000703600000| PB 0x0000000703600000| Untracked |  0
|  18|0x0000000703800000, 0x0000000703800000, 0x0000000703a00000|  0%| F|  |TAMS 0x0000000703800000| PB 0x0000000703800000| Untracked |  0
|  19|0x0000000703a00000, 0x0000000703a00000, 0x0000000703c00000|  0%| F|  |TAMS 0x0000000703a00000| PB 0x0000000703a00000| Untracked |  0
|  20|0x0000000703c00000, 0x0000000703c00000, 0x0000000703e00000|  0%| F|  |TAMS 0x0000000703c00000| PB 0x0000000703c00000| Untracked |  0
|  21|0x0000000703e00000, 0x0000000703e00000, 0x0000000704000000|  0%| F|  |TAMS 0x0000000703e00000| PB 0x0000000703e00000| Untracked |  0
|  22|0x0000000704000000, 0x0000000704000000, 0x0000000704200000|  0%| F|  |TAMS 0x0000000704000000| PB 0x0000000704000000| Untracked |  0
|  23|0x0000000704200000, 0x0000000704200000, 0x0000000704400000|  0%| F|  |TAMS 0x0000000704200000| PB 0x0000000704200000| Untracked |  0
|  24|0x0000000704400000, 0x0000000704400000, 0x0000000704600000|  0%| F|  |TAMS 0x0000000704400000| PB 0x0000000704400000| Untracked |  0
|  25|0x0000000704600000, 0x0000000704600000, 0x0000000704800000|  0%| F|  |TAMS 0x0000000704600000| PB 0x0000000704600000| Untracked |  0
|  26|0x0000000704800000, 0x0000000704800000, 0x0000000704a00000|  0%| F|  |TAMS 0x0000000704800000| PB 0x0000000704800000| Untracked |  0
|  27|0x0000000704a00000, 0x0000000704a00000, 0x0000000704c00000|  0%| F|  |TAMS 0x0000000704a00000| PB 0x0000000704a00000| Untracked |  0
|  28|0x0000000704c00000, 0x0000000704c00000, 0x0000000704e00000|  0%| F|  |TAMS 0x0000000704c00000| PB 0x0000000704c00000| Untracked |  0
|  29|0x0000000704e00000, 0x0000000704e00000, 0x0000000705000000|  0%| F|  |TAMS 0x0000000704e00000| PB 0x0000000704e00000| Untracked |  0
|  30|0x0000000705000000, 0x0000000705000000, 0x0000000705200000|  0%| F|  |TAMS 0x0000000705000000| PB 0x0000000705000000| Untracked |  0
|  31|0x0000000705200000, 0x0000000705200000, 0x0000000705400000|  0%| F|  |TAMS 0x0000000705200000| PB 0x0000000705200000| Untracked |  0
|  32|0x0000000705400000, 0x0000000705400000, 0x0000000705600000|  0%| F|  |TAMS 0x0000000705400000| PB 0x0000000705400000| Untracked |  0
|  33|0x0000000705600000, 0x0000000705600000, 0x0000000705800000|  0%| F|  |TAMS 0x0000000705600000| PB 0x0000000705600000| Untracked |  0
|  34|0x0000000705800000, 0x0000000705800000, 0x0000000705a00000|  0%| F|  |TAMS 0x0000000705800000| PB 0x0000000705800000| Untracked |  0
|  35|0x0000000705a00000, 0x0000000705a00000, 0x0000000705c00000|  0%| F|  |TAMS 0x0000000705a00000| PB 0x0000000705a00000| Untracked |  0
|  36|0x0000000705c00000, 0x0000000705c00000, 0x0000000705e00000|  0%| F|  |TAMS 0x0000000705c00000| PB 0x0000000705c00000| Untracked |  0
|  37|0x0000000705e00000, 0x0000000705e00000, 0x0000000706000000|  0%| F|  |TAMS 0x0000000705e00000| PB 0x0000000705e00000| Untracked |  0
|  38|0x0000000706000000, 0x0000000706000000, 0x0000000706200000|  0%| F|  |TAMS 0x0000000706000000| PB 0x0000000706000000| Untracked |  0
|  39|0x0000000706200000, 0x0000000706200000, 0x0000000706400000|  0%| F|  |TAMS 0x0000000706200000| PB 0x0000000706200000| Untracked |  0
|  40|0x0000000706400000, 0x0000000706400000, 0x0000000706600000|  0%| F|  |TAMS 0x0000000706400000| PB 0x0000000706400000| Untracked |  0
|  41|0x0000000706600000, 0x0000000706600000, 0x0000000706800000|  0%| F|  |TAMS 0x0000000706600000| PB 0x0000000706600000| Untracked |  0
|  42|0x0000000706800000, 0x0000000706800000, 0x0000000706a00000|  0%| F|  |TAMS 0x0000000706800000| PB 0x0000000706800000| Untracked |  0
|  43|0x0000000706a00000, 0x0000000706a00000, 0x0000000706c00000|  0%| F|  |TAMS 0x0000000706a00000| PB 0x0000000706a00000| Untracked |  0
|  44|0x0000000706c00000, 0x0000000706c00000, 0x0000000706e00000|  0%| F|  |TAMS 0x0000000706c00000| PB 0x0000000706c00000| Untracked |  0
|  45|0x0000000706e00000, 0x0000000706e00000, 0x0000000707000000|  0%| F|  |TAMS 0x0000000706e00000| PB 0x0000000706e00000| Untracked |  0
|  46|0x0000000707000000, 0x0000000707000000, 0x0000000707200000|  0%| F|  |TAMS 0x0000000707000000| PB 0x0000000707000000| Untracked |  0
|  47|0x0000000707200000, 0x0000000707200000, 0x0000000707400000|  0%| F|  |TAMS 0x0000000707200000| PB 0x0000000707200000| Untracked |  0
|  48|0x0000000707400000, 0x0000000707400000, 0x0000000707600000|  0%| F|  |TAMS 0x0000000707400000| PB 0x0000000707400000| Untracked |  0
|  49|0x0000000707600000, 0x0000000707600000, 0x0000000707800000|  0%| F|  |TAMS 0x0000000707600000| PB 0x0000000707600000| Untracked |  0
|  50|0x0000000707800000, 0x0000000707800000, 0x0000000707a00000|  0%| F|  |TAMS 0x0000000707800000| PB 0x0000000707800000| Untracked |  0
|  51|0x0000000707a00000, 0x0000000707a00000, 0x0000000707c00000|  0%| F|  |TAMS 0x0000000707a00000| PB 0x0000000707a00000| Untracked |  0
|  52|0x0000000707c00000, 0x0000000707c00000, 0x0000000707e00000|  0%| F|  |TAMS 0x0000000707c00000| PB 0x0000000707c00000| Untracked |  0
|  53|0x0000000707e00000, 0x0000000707e00000, 0x0000000708000000|  0%| F|  |TAMS 0x0000000707e00000| PB 0x0000000707e00000| Untracked |  0
|  54|0x0000000708000000, 0x0000000708000000, 0x0000000708200000|  0%| F|  |TAMS 0x0000000708000000| PB 0x0000000708000000| Untracked |  0
|  55|0x0000000708200000, 0x0000000708200000, 0x0000000708400000|  0%| F|  |TAMS 0x0000000708200000| PB 0x0000000708200000| Untracked |  0
|  56|0x0000000708400000, 0x0000000708400000, 0x0000000708600000|  0%| F|  |TAMS 0x0000000708400000| PB 0x0000000708400000| Untracked |  0
|  57|0x0000000708600000, 0x0000000708600000, 0x0000000708800000|  0%| F|  |TAMS 0x0000000708600000| PB 0x0000000708600000| Untracked |  0
|  58|0x0000000708800000, 0x0000000708800000, 0x0000000708a00000|  0%| F|  |TAMS 0x0000000708800000| PB 0x0000000708800000| Untracked |  0
|  59|0x0000000708a00000, 0x0000000708a00000, 0x0000000708c00000|  0%| F|  |TAMS 0x0000000708a00000| PB 0x0000000708a00000| Untracked |  0
|  60|0x0000000708c00000, 0x0000000708c00000, 0x0000000708e00000|  0%| F|  |TAMS 0x0000000708c00000| PB 0x0000000708c00000| Untracked |  0
|  61|0x0000000708e00000, 0x0000000708e00000, 0x0000000709000000|  0%| F|  |TAMS 0x0000000708e00000| PB 0x0000000708e00000| Untracked |  0
|  62|0x0000000709000000, 0x0000000709000000, 0x0000000709200000|  0%| F|  |TAMS 0x0000000709000000| PB 0x0000000709000000| Untracked |  0
|  63|0x0000000709200000, 0x0000000709200000, 0x0000000709400000|  0%| F|  |TAMS 0x0000000709200000| PB 0x0000000709200000| Untracked |  0
|  64|0x0000000709400000, 0x0000000709400000, 0x0000000709600000|  0%| F|  |TAMS 0x0000000709400000| PB 0x0000000709400000| Untracked |  0
|  65|0x0000000709600000, 0x0000000709600000, 0x0000000709800000|  0%| F|  |TAMS 0x0000000709600000| PB 0x0000000709600000| Untracked |  0
|  66|0x0000000709800000, 0x0000000709800000, 0x0000000709a00000|  0%| F|  |TAMS 0x0000000709800000| PB 0x0000000709800000| Untracked |  0
|  67|0x0000000709a00000, 0x0000000709a00000, 0x0000000709c00000|  0%| F|  |TAMS 0x0000000709a00000| PB 0x0000000709a00000| Untracked |  0
|  68|0x0000000709c00000, 0x0000000709c00000, 0x0000000709e00000|  0%| F|  |TAMS 0x0000000709c00000| PB 0x0000000709c00000| Untracked |  0
|  69|0x0000000709e00000, 0x0000000709e00000, 0x000000070a000000|  0%| F|  |TAMS 0x0000000709e00000| PB 0x0000000709e00000| Untracked |  0
|  70|0x000000070a000000, 0x000000070a000000, 0x000000070a200000|  0%| F|  |TAMS 0x000000070a000000| PB 0x000000070a000000| Untracked |  0
|  71|0x000000070a200000, 0x000000070a200000, 0x000000070a400000|  0%| F|  |TAMS 0x000000070a200000| PB 0x000000070a200000| Untracked |  0
|  72|0x000000070a400000, 0x000000070a400000, 0x000000070a600000|  0%| F|  |TAMS 0x000000070a400000| PB 0x000000070a400000| Untracked |  0
|  73|0x000000070a600000, 0x000000070a600000, 0x000000070a800000|  0%| F|  |TAMS 0x000000070a600000| PB 0x000000070a600000| Untracked |  0
|  74|0x000000070a800000, 0x000000070a800000, 0x000000070aa00000|  0%| F|  |TAMS 0x000000070a800000| PB 0x000000070a800000| Untracked |  0
|  75|0x000000070aa00000, 0x000000070aa00000, 0x000000070ac00000|  0%| F|  |TAMS 0x000000070aa00000| PB 0x000000070aa00000| Untracked |  0
|  76|0x000000070ac00000, 0x000000070ac00000, 0x000000070ae00000|  0%| F|  |TAMS 0x000000070ac00000| PB 0x000000070ac00000| Untracked |  0
|  77|0x000000070ae00000, 0x000000070ae00000, 0x000000070b000000|  0%| F|  |TAMS 0x000000070ae00000| PB 0x000000070ae00000| Untracked |  0
|  78|0x000000070b000000, 0x000000070b000000, 0x000000070b200000|  0%| F|  |TAMS 0x000000070b000000| PB 0x000000070b000000| Untracked |  0
|  79|0x000000070b200000, 0x000000070b200000, 0x000000070b400000|  0%| F|  |TAMS 0x000000070b200000| PB 0x000000070b200000| Untracked |  0
|  80|0x000000070b400000, 0x000000070b400000, 0x000000070b600000|  0%| F|  |TAMS 0x000000070b400000| PB 0x000000070b400000| Untracked |  0
|  81|0x000000070b600000, 0x000000070b600000, 0x000000070b800000|  0%| F|  |TAMS 0x000000070b600000| PB 0x000000070b600000| Untracked |  0
|  82|0x000000070b800000, 0x000000070b800000, 0x000000070ba00000|  0%| F|  |TAMS 0x000000070b800000| PB 0x000000070b800000| Untracked |  0
|  83|0x000000070ba00000, 0x000000070ba00000, 0x000000070bc00000|  0%| F|  |TAMS 0x000000070ba00000| PB 0x000000070ba00000| Untracked |  0
|  84|0x000000070bc00000, 0x000000070bc00000, 0x000000070be00000|  0%| F|  |TAMS 0x000000070bc00000| PB 0x000000070bc00000| Untracked |  0
|  85|0x000000070be00000, 0x000000070be00000, 0x000000070c000000|  0%| F|  |TAMS 0x000000070be00000| PB 0x000000070be00000| Untracked |  0
|  86|0x000000070c000000, 0x000000070c000000, 0x000000070c200000|  0%| F|  |TAMS 0x000000070c000000| PB 0x000000070c000000| Untracked |  0
|  87|0x000000070c200000, 0x000000070c200000, 0x000000070c400000|  0%| F|  |TAMS 0x000000070c200000| PB 0x000000070c200000| Untracked |  0
|  88|0x000000070c400000, 0x000000070c400000, 0x000000070c600000|  0%| F|  |TAMS 0x000000070c400000| PB 0x000000070c400000| Untracked |  0
|  89|0x000000070c600000, 0x000000070c600000, 0x000000070c800000|  0%| F|  |TAMS 0x000000070c600000| PB 0x000000070c600000| Untracked |  0
|  90|0x000000070c800000, 0x000000070c800000, 0x000000070ca00000|  0%| F|  |TAMS 0x000000070c800000| PB 0x000000070c800000| Untracked |  0
|  91|0x000000070ca00000, 0x000000070ca00000, 0x000000070cc00000|  0%| F|  |TAMS 0x000000070ca00000| PB 0x000000070ca00000| Untracked |  0
|  92|0x000000070cc00000, 0x000000070cc00000, 0x000000070ce00000|  0%| F|  |TAMS 0x000000070cc00000| PB 0x000000070cc00000| Untracked |  0
|  93|0x000000070ce00000, 0x000000070ce00000, 0x000000070d000000|  0%| F|  |TAMS 0x000000070ce00000| PB 0x000000070ce00000| Untracked |  0
|  94|0x000000070d000000, 0x000000070d000000, 0x000000070d200000|  0%| F|  |TAMS 0x000000070d000000| PB 0x000000070d000000| Untracked |  0
|  95|0x000000070d200000, 0x000000070d200000, 0x000000070d400000|  0%| F|  |TAMS 0x000000070d200000| PB 0x000000070d200000| Untracked |  0
|  96|0x000000070d400000, 0x000000070d400000, 0x000000070d600000|  0%| F|  |TAMS 0x000000070d400000| PB 0x000000070d400000| Untracked |  0
|  97|0x000000070d600000, 0x000000070d600000, 0x000000070d800000|  0%| F|  |TAMS 0x000000070d600000| PB 0x000000070d600000| Untracked |  0
|  98|0x000000070d800000, 0x000000070d800000, 0x000000070da00000|  0%| F|  |TAMS 0x000000070d800000| PB 0x000000070d800000| Untracked |  0
|  99|0x000000070da00000, 0x000000070da00000, 0x000000070dc00000|  0%| F|  |TAMS 0x000000070da00000| PB 0x000000070da00000| Untracked |  0
| 100|0x000000070dc00000, 0x000000070dc00000, 0x000000070de00000|  0%| F|  |TAMS 0x000000070dc00000| PB 0x000000070dc00000| Untracked |  0
| 101|0x000000070de00000, 0x000000070de00000, 0x000000070e000000|  0%| F|  |TAMS 0x000000070de00000| PB 0x000000070de00000| Untracked |  0
| 102|0x000000070e000000, 0x000000070e000000, 0x000000070e200000|  0%| F|  |TAMS 0x000000070e000000| PB 0x000000070e000000| Untracked |  0
| 103|0x000000070e200000, 0x000000070e200000, 0x000000070e400000|  0%| F|  |TAMS 0x000000070e200000| PB 0x000000070e200000| Untracked |  0
| 104|0x000000070e400000, 0x000000070e400000, 0x000000070e600000|  0%| F|  |TAMS 0x000000070e400000| PB 0x000000070e400000| Untracked |  0
| 105|0x000000070e600000, 0x000000070e600000, 0x000000070e800000|  0%| F|  |TAMS 0x000000070e600000| PB 0x000000070e600000| Untracked |  0
| 106|0x000000070e800000, 0x000000070e800000, 0x000000070ea00000|  0%| F|  |TAMS 0x000000070e800000| PB 0x000000070e800000| Untracked |  0
| 107|0x000000070ea00000, 0x000000070ea00000, 0x000000070ec00000|  0%| F|  |TAMS 0x000000070ea00000| PB 0x000000070ea00000| Untracked |  0
| 108|0x000000070ec00000, 0x000000070ec00000, 0x000000070ee00000|  0%| F|  |TAMS 0x000000070ec00000| PB 0x000000070ec00000| Untracked |  0
| 109|0x000000070ee00000, 0x000000070ee00000, 0x000000070f000000|  0%| F|  |TAMS 0x000000070ee00000| PB 0x000000070ee00000| Untracked |  0
| 110|0x000000070f000000, 0x000000070f000000, 0x000000070f200000|  0%| F|  |TAMS 0x000000070f000000| PB 0x000000070f000000| Untracked |  0
| 111|0x000000070f200000, 0x000000070f200000, 0x000000070f400000|  0%| F|  |TAMS 0x000000070f200000| PB 0x000000070f200000| Untracked |  0
| 112|0x000000070f400000, 0x000000070f400000, 0x000000070f600000|  0%| F|  |TAMS 0x000000070f400000| PB 0x000000070f400000| Untracked |  0
| 113|0x000000070f600000, 0x000000070f600000, 0x000000070f800000|  0%| F|  |TAMS 0x000000070f600000| PB 0x000000070f600000| Untracked |  0
| 114|0x000000070f800000, 0x000000070f800000, 0x000000070fa00000|  0%| F|  |TAMS 0x000000070f800000| PB 0x000000070f800000| Untracked |  0
| 115|0x000000070fa00000, 0x000000070fa00000, 0x000000070fc00000|  0%| F|  |TAMS 0x000000070fa00000| PB 0x000000070fa00000| Untracked |  0
| 116|0x000000070fc00000, 0x000000070fc00000, 0x000000070fe00000|  0%| F|  |TAMS 0x000000070fc00000| PB 0x000000070fc00000| Untracked |  0
| 117|0x000000070fe00000, 0x000000070fe00000, 0x0000000710000000|  0%| F|  |TAMS 0x000000070fe00000| PB 0x000000070fe00000| Untracked |  0
| 118|0x0000000710000000, 0x0000000710000000, 0x0000000710200000|  0%| F|  |TAMS 0x0000000710000000| PB 0x0000000710000000| Untracked |  0
| 119|0x0000000710200000, 0x0000000710200000, 0x0000000710400000|  0%| F|  |TAMS 0x0000000710200000| PB 0x0000000710200000| Untracked |  0
| 120|0x0000000710400000, 0x0000000710400000, 0x0000000710600000|  0%| F|  |TAMS 0x0000000710400000| PB 0x0000000710400000| Untracked |  0
| 121|0x0000000710600000, 0x0000000710600000, 0x0000000710800000|  0%| F|  |TAMS 0x0000000710600000| PB 0x0000000710600000| Untracked |  0
| 122|0x0000000710800000, 0x0000000710800000, 0x0000000710a00000|  0%| F|  |TAMS 0x0000000710800000| PB 0x0000000710800000| Untracked |  0
| 123|0x0000000710a00000, 0x0000000710a00000, 0x0000000710c00000|  0%| F|  |TAMS 0x0000000710a00000| PB 0x0000000710a00000| Untracked |  0
| 124|0x0000000710c00000, 0x0000000710cf9c38, 0x0000000710e00000| 48%| E|  |TAMS 0x0000000710c00000| PB 0x0000000710c00000| Complete |  0
| 125|0x0000000710e00000, 0x0000000711000000, 0x0000000711000000|100%| E|CS|TAMS 0x0000000710e00000| PB 0x0000000710e00000| Complete |  0
| 126|0x0000000711000000, 0x0000000711200000, 0x0000000711200000|100%| E|CS|TAMS 0x0000000711000000| PB 0x0000000711000000| Complete |  0
| 127|0x0000000711200000, 0x0000000711400000, 0x0000000711400000|100%| E|CS|TAMS 0x0000000711200000| PB 0x0000000711200000| Complete |  0

Card table byte_map: [0x000001c8fc8e0000,0x000001c8fd0e0000] _byte_map_base: 0x000001c8f90d6000

Marking Bits: (CMBitMap*) 0x000001c8f82a5170
 Bits: [0x000001c88f020000, 0x000001c892fd0000)

Polling page: 0x000001c8f6140000

Metaspace:
Metaspace        used 12186K, committed 12352K, reserved 1114112K
 class space     used 1116K, committed 1216K, reserved 1048576K

Usage:
  Non-class:     10.81 MB used.
      Class:      1.09 MB used.
       Both:     11.90 MB used.

Virtual space:
  Non-class space:       64.00 MB reserved,      10.88 MB ( 17%) committed,  1 nodes.
      Class space:        1.00 GB reserved,       1.19 MB ( <1%) committed,  1 nodes.
             Both:        1.06 GB reserved,      12.06 MB (  1%) committed. 

Chunk freelists:
   Non-Class:  4.79 MB
       Class:  14.72 MB
        Both:  19.51 MB

MaxMetaspaceSize: unlimited
CompressedClassSpaceSize: 1.00 GB
Initial GC threshold: 21.00 MB
Current GC threshold: 21.00 MB
CDS: off
 - commit_granule_bytes: 65536.
 - commit_granule_words: 8192.
 - virtual_space_node_default_size: 8388608.
 - enlarge_chunks_in_place: 1.
UseCompressedClassPointers 1, UseCompactObjectHeaders 0
Narrow klass pointer bits 32, Max shift 3
Narrow klass base: 0x0000000000000000, Narrow klass shift: 0
Encoding Range: [0x0000000000000000 - 0x0000000100000000), (4294967296 bytes)
Klass Range:    [0x000000002e000000 - 0x000000006e000000), (1073741824 bytes)
Klass ID Range:  [771751936 - 1845493753) (1073741817)
No protection zone.


Internal statistics:

num_allocs_failed_limit: 0.
num_arena_births: 18.
num_arena_deaths: 0.
num_vsnodes_births: 2.
num_vsnodes_deaths: 0.
num_space_committed: 193.
num_space_uncommitted: 0.
num_chunks_returned_to_freelist: 0.
num_chunks_taken_from_freelist: 59.
num_chunk_merges: 0.
num_chunk_splits: 29.
num_chunks_enlarged: 21.
num_inconsistent_stats: 0.

CodeHeap 'non-profiled nmethods': size=120064Kb used=126Kb max_used=126Kb free=119937Kb
 bounds [0x000001c887ae0000, 0x000001c887d50000, 0x000001c88f020000]
CodeHeap 'profiled nmethods': size=120064Kb used=463Kb max_used=463Kb free=119600Kb
 bounds [0x000001c880000000, 0x000001c880270000, 0x000001c887540000]
CodeHeap 'non-nmethods': size=5760Kb used=1338Kb max_used=1352Kb free=4421Kb
 bounds [0x000001c887540000, 0x000001c8877b0000, 0x000001c887ae0000]
CodeCache: size=245888Kb, used=1927Kb, max_used=1941Kb, free=243958Kb
 total_blobs=936, nmethods=468, adapters=372, full_count=0
Compilation: enabled, stopped_count=0, restarted_count=0

Compilation events (20 events):
Event: 0.374 Thread 0x000001c897018360 nmethod 451 0x000001c880070a08 code [0x000001c880070b00, 0x000001c880071988]
Event: 0.374 Thread 0x000001c897018360  454       3       jdk.internal.classfile.impl.RawBytecodeHelper::next (81 bytes)
Event: 0.374 Thread 0x000001c897018360 nmethod 454 0x000001c880071a08 code [0x000001c880071b00, 0x000001c880071f88]
Event: 0.374 Thread 0x000001c897018360  456       3       jdk.internal.classfile.impl.RawBytecodeHelper::opcode (9 bytes)
Event: 0.374 Thread 0x000001c897018360 nmethod 456 0x000001c880072008 code [0x000001c880072100, 0x000001c880072210]
Event: 0.374 Thread 0x000001c897018360  455       3       java.lang.invoke.MemberName::getReferenceKind (12 bytes)
Event: 0.374 Thread 0x000001c897018360 nmethod 455 0x000001c880072308 code [0x000001c880072400, 0x000001c880072518]
Event: 0.374 Thread 0x000001c897018360  457       1       jdk.internal.classfile.impl.AbstractPoolEntry$ClassEntryImpl::tag (3 bytes)
Event: 0.374 Thread 0x000001c897018360 nmethod 457 0x000001c887afdc08 code [0x000001c887afdd00, 0x000001c887afddc8]
Event: 0.374 Thread 0x000001c897018360  458       1       jdk.internal.constant.ClassOrInterfaceDescImpl::isClassOrInterface (2 bytes)
Event: 0.374 Thread 0x000001c897018360 nmethod 458 0x000001c887afdf08 code [0x000001c887afe000, 0x000001c887afe0c8]
Event: 0.374 Thread 0x000001c897018360  459   !   3       java.lang.invoke.MemberName::getMethodType (213 bytes)
Event: 0.375 Thread 0x000001c897018360 nmethod 459 0x000001c880072608 code [0x000001c880072700, 0x000001c880073978]
Event: 0.375 Thread 0x000001c897018360  462       3       jdk.internal.classfile.impl.AbstractPoolEntry::hash1 (10 bytes)
Event: 0.375 Thread 0x000001c897018360 nmethod 462 0x000001c880073988 code [0x000001c880073a80, 0x000001c880073b80]
Event: 0.375 Thread 0x000001c897018360  463       1       java.lang.invoke.MethodHandles$Lookup::lookupClass (5 bytes)
Event: 0.375 Thread 0x000001c897018360 nmethod 463 0x000001c887afeb08 code [0x000001c887afec00, 0x000001c887afecc8]
Event: 0.375 Thread 0x000001c897018360  465       1       jdk.internal.classfile.impl.AbstractPoolEntry::hashCode (5 bytes)
Event: 0.375 Thread 0x000001c897018360 nmethod 465 0x000001c887afee08 code [0x000001c887afef00, 0x000001c887afefc8]
Event: 0.375 Thread 0x000001c897018360  466       3       jdk.internal.classfile.impl.StackMapGenerator::processBlock (2767 bytes)

GC Heap Usage History (0 events):
No events

Metaspace Usage History (0 events):
No events

Dll operation events (4 events):
Event: 0.016 Attempting to load shared library C:\Program Files\JetBrains\IntelliJ IDEA 2026.2.3\jbr\bin\java.dll
Event: 0.019 Loaded shared library C:\Program Files\JetBrains\IntelliJ IDEA 2026.2.3\jbr\bin\java.dll
Event: 0.056 Attempting to load shared library C:\Program Files\JetBrains\IntelliJ IDEA 2026.2.3\jbr\bin\zip.dll
Event: 0.058 Loaded shared library C:\Program Files\JetBrains\IntelliJ IDEA 2026.2.3\jbr\bin\zip.dll

Deoptimization events (0 events):
No events

Classes loaded (20 events):
Event: 0.379 Loading class java/util/stream/ReduceOps
Event: 0.380 Loading class java/util/stream/ReduceOps done
Event: 0.380 Loading class java/util/stream/ReduceOps$3
Event: 0.380 Loading class java/util/stream/ReduceOps$ReduceOp
Event: 0.380 Loading class java/util/stream/ReduceOps$ReduceOp done
Event: 0.380 Loading class java/util/stream/ReduceOps$3 done
Event: 0.380 Loading class java/util/stream/ReduceOps$3ReducingSink
Event: 0.380 Loading class java/util/stream/ReduceOps$AccumulatingSink
Event: 0.380 Loading class java/util/stream/TerminalSink
Event: 0.380 Loading class java/util/stream/TerminalSink done
Event: 0.380 Loading class java/util/stream/ReduceOps$AccumulatingSink done
Event: 0.380 Loading class java/util/stream/ReduceOps$Box
Event: 0.380 Loading class java/util/stream/ReduceOps$Box done
Event: 0.380 Loading class java/util/stream/ReduceOps$3ReducingSink done
Event: 0.380 Loading class java/util/stream/ReferencePipeline$2$1
Event: 0.380 Loading class java/util/stream/Sink$ChainedReference
Event: 0.380 Loading class java/util/stream/Sink$ChainedReference done
Event: 0.380 Loading class java/util/stream/ReferencePipeline$2$1 done
Event: 0.380 Loading class java/util/stream/ReferencePipeline$3$1
Event: 0.380 Loading class java/util/stream/ReferencePipeline$3$1 done

Classes unloaded (0 events):
No events

Classes redefined (0 events):
No events

Internal exceptions (3 events):
Event: 0.302 Thread 0x000001c8f5ee0f40 Exception <a 'sun/nio/fs/WindowsException'{0x0000000710e2b048}> (0x0000000710e2b048) 
thrown [s\src\hotspot\share\prims\jni.cpp, line 535]
Event: 0.353 Thread 0x000001c8f5ee0f40 Exception <a 'java/lang/NoSuchMethodError'{0x0000000710f20d30}: 'java.lang.Object java.lang.invoke.DirectMethodHandle$Holder.invokeStaticInit(java.lang.Object, java.lang.Object, int, int, int, int)'> (0x0000000710f20d30) 
thrown [s\src\hotspot\share\interpreter\linkResolver.cpp, line 815]
Event: 0.375 Thread 0x000001c8f5ee0f40 Exception <a 'java/lang/NoSuchMethodError'{0x0000000710fb0900}: 'int java.lang.invoke.DirectMethodHandle$Holder.invokeSpecialIFC(java.lang.Object, java.lang.Object, java.lang.Object)'> (0x0000000710fb0900) 
thrown [s\src\hotspot\share\interpreter\linkResolver.cpp, line 815]

VM Operations (6 events):
Event: 0.202 Executing non-safepoint VM operation: HandshakeAllThreads (Deoptimize)
Event: 0.202 Executing non-safepoint VM operation: HandshakeAllThreads (Deoptimize) done
Event: 0.241 Executing non-safepoint VM operation: HandshakeAllThreads (Deoptimize)
Event: 0.241 Executing non-safepoint VM operation: HandshakeAllThreads (Deoptimize) done
Event: 0.347 Executing non-safepoint VM operation: HandshakeAllThreads (Deoptimize)
Event: 0.347 Executing non-safepoint VM operation: HandshakeAllThreads (Deoptimize) done

Memory protections (0 events):
No events

Nmethod flushes (0 events):
No events

Events (18 events):
Event: 0.054 Thread 0x000001c8f5ee0f40 Thread added: 0x000001c8f5ee0f40
Event: 0.105 Thread 0x000001c8f5ee0f40 JVMTI - enter early start phase
Event: 0.136 Thread 0x000001c8f5ee0f40 Thread added: 0x000001c8ffb22ce0
Event: 0.142 Thread 0x000001c8f5ee0f40 Thread added: 0x000001c8ffb26980
Event: 0.142 Thread 0x000001c8f5ee0f40 Thread added: 0x000001c8ffb27bf0
Event: 0.144 Thread 0x000001c8f5ee0f40 Thread added: 0x000001c8ffb3f150
Event: 0.144 Thread 0x000001c8f5ee0f40 Thread added: 0x000001c8ffb3fd10
Event: 0.144 Thread 0x000001c8f5ee0f40 Thread added: 0x000001c897010080
Event: 0.144 Thread 0x000001c8f5ee0f40 Thread added: 0x000001c897010840
Event: 0.144 Thread 0x000001c8f5ee0f40 Thread added: 0x000001c897015740
Event: 0.144 Thread 0x000001c8f5ee0f40 Thread added: 0x000001c897018360
Event: 0.172 Thread 0x000001c8f5ee0f40 JVMTI - enter start phase
Event: 0.173 Thread 0x000001c8f5ee0f40 JVMTI - enter live phase
Event: 0.173 Thread 0x000001c8f5ee0f40 Thread added: 0x000001c897189120
Event: 0.185 Loaded shared library C:\Program Files\JetBrains\IntelliJ IDEA 2026.2.3\jbr\bin\net.dll
Event: 0.188 Loaded shared library C:\Program Files\JetBrains\IntelliJ IDEA 2026.2.3\jbr\bin\nio.dll
Event: 0.197 Loaded shared library C:\Program Files\JetBrains\IntelliJ IDEA 2026.2.3\jbr\bin\zip.dll
Event: 0.312 Loaded shared library C:\Program Files\JetBrains\IntelliJ IDEA 2026.2.3\jbr\bin\jimage.dll


Dynamic libraries:
0x00007ff6a9570000 - 0x00007ff6a957a000 	C:\Program Files\JetBrains\IntelliJ IDEA 2026.2.3\jbr\bin\java.exe
0x00007ffafe1d0000 - 0x00007ffafe3c8000 	C:\Windows\SYSTEM32\ntdll.dll
0x00007ffafc220000 - 0x00007ffafc2e2000 	C:\Windows\System32\KERNEL32.DLL
0x00007ffafbbf0000 - 0x00007ffafbee6000 	C:\Windows\System32\KERNELBASE.dll
0x00007ffafb860000 - 0x00007ffafb960000 	C:\Windows\System32\ucrtbase.dll
0x00007ffad3440000 - 0x00007ffad345e000 	C:\Program Files\JetBrains\IntelliJ IDEA 2026.2.3\jbr\bin\VCRUNTIME140.dll
0x00007ffadeb50000 - 0x00007ffadeb67000 	C:\Program Files\JetBrains\IntelliJ IDEA 2026.2.3\jbr\bin\jli.dll
0x00007ffafcbd0000 - 0x00007ffafcd71000 	C:\Windows\System32\USER32.dll
0x00007ffafbbc0000 - 0x00007ffafbbe2000 	C:\Windows\System32\win32u.dll
0x00007ffafc1f0000 - 0x00007ffafc21b000 	C:\Windows\System32\GDI32.dll
0x00007ffafac00000 - 0x00007ffafae9b000 	C:\Windows\WinSxS\amd64_microsoft.windows.common-controls_6595b64144ccf1df_6.0.19041.6456_none_60b8a6cb71f64256\COMCTL32.dll
0x00007ffafbaa0000 - 0x00007ffafbbb9000 	C:\Windows\System32\gdi32full.dll
0x00007ffafd9f0000 - 0x00007ffafda8e000 	C:\Windows\System32\msvcrt.dll
0x00007ffafbef0000 - 0x00007ffafbf8d000 	C:\Windows\System32\msvcp_win.dll
0x00007ffafd940000 - 0x00007ffafd96f000 	C:\Windows\System32\IMM32.DLL
0x00007ffad3460000 - 0x00007ffad346c000 	C:\Program Files\JetBrains\IntelliJ IDEA 2026.2.3\jbr\bin\vcruntime140_1.dll
0x00007ffaa02d0000 - 0x00007ffaa0359000 	C:\Program Files\JetBrains\IntelliJ IDEA 2026.2.3\jbr\bin\msvcp140.dll
0x00007ffa9d3c0000 - 0x00007ffa9e31b000 	C:\Program Files\JetBrains\IntelliJ IDEA 2026.2.3\jbr\bin\server\jvm.dll
0x00007ffafdcd0000 - 0x00007ffafdd81000 	C:\Windows\System32\ADVAPI32.dll
0x00007ffafdba0000 - 0x00007ffafdc3f000 	C:\Windows\System32\sechost.dll
0x00007ffafce30000 - 0x00007ffafcf50000 	C:\Windows\System32\RPCRT4.dll
0x00007ffafb960000 - 0x00007ffafb987000 	C:\Windows\System32\bcrypt.dll
0x00007ffafd970000 - 0x00007ffafd9db000 	C:\Windows\System32\WS2_32.dll
0x00007ffafb450000 - 0x00007ffafb49b000 	C:\Windows\SYSTEM32\POWRPROF.dll
0x00007ffae95a0000 - 0x00007ffae95c7000 	C:\Windows\SYSTEM32\WINMM.dll
0x00007ffaf35a0000 - 0x00007ffaf35aa000 	C:\Windows\SYSTEM32\VERSION.dll
0x00007ffafaf90000 - 0x00007ffafafa2000 	C:\Windows\SYSTEM32\UMPDC.dll
0x00007ffaf99f0000 - 0x00007ffaf9a02000 	C:\Windows\SYSTEM32\kernel.appcore.dll
0x00007ffad3430000 - 0x00007ffad343a000 	C:\Program Files\JetBrains\IntelliJ IDEA 2026.2.3\jbr\bin\jimage.dll
0x00007ffafb240000 - 0x00007ffafb441000 	C:\Windows\SYSTEM32\DBGHELP.DLL
0x00007ffafafd0000 - 0x00007ffafb004000 	C:\Windows\SYSTEM32\dbgcore.DLL
0x00007ffafb990000 - 0x00007ffafba12000 	C:\Windows\System32\bcryptPrimitives.dll
0x00007ffad3170000 - 0x00007ffad318f000 	C:\Program Files\JetBrains\IntelliJ IDEA 2026.2.3\jbr\bin\java.dll
0x00007ffafd3e0000 - 0x00007ffafd50b000 	C:\Windows\System32\ole32.dll
0x00007ffafd5e0000 - 0x00007ffafd934000 	C:\Windows\System32\combase.dll
0x00007ffafc460000 - 0x00007ffafcbd0000 	C:\Windows\System32\SHELL32.dll
0x00007ffad3150000 - 0x00007ffad3166000 	C:\Program Files\JetBrains\IntelliJ IDEA 2026.2.3\jbr\bin\zip.dll
0x00007ffaf9230000 - 0x00007ffaf99d5000 	C:\Windows\SYSTEM32\windows.storage.dll
0x00007ffafab60000 - 0x00007ffafab8b000 	C:\Windows\SYSTEM32\Wldp.dll
0x00007ffafe0c0000 - 0x00007ffafe18d000 	C:\Windows\System32\OLEAUT32.dll
0x00007ffafcd80000 - 0x00007ffafce2d000 	C:\Windows\System32\SHCORE.dll
0x00007ffafda90000 - 0x00007ffafdaeb000 	C:\Windows\System32\shlwapi.dll
0x00007ffafb790000 - 0x00007ffafb7b4000 	C:\Windows\SYSTEM32\profapi.dll
0x00007ffad3130000 - 0x00007ffad3142000 	C:\Program Files\JetBrains\IntelliJ IDEA 2026.2.3\jbr\bin\net.dll
0x00007ffafaa30000 - 0x00007ffafaa9a000 	C:\Windows\system32\mswsock.dll
0x00007ffad3110000 - 0x00007ffad3126000 	C:\Program Files\JetBrains\IntelliJ IDEA 2026.2.3\jbr\bin\nio.dll
0x00007ffafb5d0000 - 0x00007ffafb5e8000 	C:\Windows\SYSTEM32\CRYPTSP.dll
0x00007ffafa240000 - 0x00007ffafa278000 	C:\Windows\system32\rsaenh.dll
0x00007ffafb710000 - 0x00007ffafb73e000 	C:\Windows\SYSTEM32\USERENV.dll
0x00007ffafab00000 - 0x00007ffafab0c000 	C:\Windows\SYSTEM32\CRYPTBASE.dll
0x00007ffafa5a0000 - 0x00007ffafa5db000 	C:\Windows\SYSTEM32\IPHLPAPI.DLL
0x00007ffafdc40000 - 0x00007ffafdc48000 	C:\Windows\System32\NSI.dll

JVMTI agents: none

dbghelp: loaded successfully - version: 4.0.5 - missing functions: none
symbol engine: initialized successfully - sym options: 0x614 - pdb path: .;C:\Program Files\JetBrains\IntelliJ IDEA 2026.2.3\jbr\bin;C:\Windows\SYSTEM32;C:\Windows\WinSxS\amd64_microsoft.windows.common-controls_6595b64144ccf1df_6.0.19041.6456_none_60b8a6cb71f64256;C:\Program Files\JetBrains\IntelliJ IDEA 2026.2.3\jbr\bin\server

VM Arguments:
java_command: git4idea.http.GitAskPassApp Username for 'https://github.com': 
java_class_path (initial): C:/Program Files/JetBrains/IntelliJ IDEA 2026.2.3/plugins/vcs-git/lib/git4idea-rt.jar;C:/Program Files/JetBrains/IntelliJ IDEA 2026.2.3/lib/externalProcess-rt.jar
Launcher Type: SUN_STANDARD

[Global flags]
     intx CICompilerCount                          = 4                                         {product} {ergonomic}
     uint ConcGCThreads                            = 2                                         {product} {ergonomic}
     uint G1ConcRefinementThreads                  = 8                                         {product} {ergonomic}
   size_t G1HeapRegionSize                         = 2097152                                   {product} {ergonomic}
   size_t InitialHeapSize                          = 268435456                                 {product} {ergonomic}
   size_t MarkStackSize                            = 4194304                                   {product} {ergonomic}
   size_t MarkStackSizeMax                         = 536870912                                 {product} {ergonomic}
   size_t MaxHeapSize                              = 4273995776                                {product} {ergonomic}
   size_t MaxNewSize                               = 2562719744                                {product} {ergonomic}
   size_t MinHeapDeltaBytes                        = 2097152                                   {product} {ergonomic}
   size_t MinHeapSize                              = 8388608                                   {product} {ergonomic}
    uintx NonNMethodCodeHeapSize                   = 5898240                                {pd product} {ergonomic}
    uintx NonProfiledCodeHeapSize                  = 122945536                              {pd product} {ergonomic}
     bool PerfDisableSharedMem                     = true                                      {product} {ergonomic}
    uintx ProfiledCodeHeapSize                     = 122945536                              {pd product} {ergonomic}
    uintx ReservedCodeCacheSize                    = 251789312                              {pd product} {ergonomic}
     bool SegmentedCodeCache                       = true                                      {product} {ergonomic}
   size_t SoftMaxHeapSize                          = 4273995776                             {manageable} {ergonomic}
     bool UseCompressedOops                        = true                           {product lp64_product} {ergonomic}
     bool UseG1GC                                  = true                                      {product} {ergonomic}
     bool UseLargePagesIndividualAllocation        = false                                  {pd product} {ergonomic}

Logging:
Log output configuration:
 #0: stdout all=warning uptime,level,tags foldmultilines=false
 #1: stderr all=off uptime,level,tags foldmultilines=false

Release file:
JAVA_VERSION="25.0.4" 
MODULES="java.base java.compiler java.datatransfer java.xml java.prefs java.desktop java.instrument java.logging java.management java.security.sasl java.naming java.rmi java.management.rmi java.net.http java.scripting java.security.jgss java.transaction.xa java.sql java.sql.rowset java.xml.crypto java.se java.smartcardio jdk.accessibility jdk.internal.jvmstat jdk.attach jdk.charsets jdk.internal.opt jdk.zipfs jdk.compiler jdk.crypto.cryptoki jdk.crypto.ec jdk.crypto.mscapi jdk.dynalink jdk.hotspot.agent jdk.httpserver jdk.internal.ed jdk.internal.le jdk.internal.md jdk.internal.vm.ci jdk.javadoc jdk.jcmd jdk.jdwp.agent jdk.jdi jdk.jfr jdk.localedata jdk.management jdk.management.agent jdk.management.jfr jdk.naming.dns jdk.naming.rmi jdk.net jdk.sctp jdk.security.auth jdk.security.jgss jdk.unsupported jdk.unsupported.desktop jdk.xml.dom" 
IMPLEMENTOR="JetBrains s.r.o." 
IMPLEMENTOR_VERSION="JBR-25.0.4+1-508.27-nomod" 
JAVA_RUNTIME_VERSION="25.0.4+1-b508.27" 
LIBC="default" 
OS_ARCH="x86_64" 
OS_NAME="Windows" 
SOURCE=".:git:4af5e1194b7f+" 

Environment Variables:
JAVA_HOME=C:\Users\chris\.jdks\graalvm-jdk-25\
PATH=C:/Program Files/Git/mingw64/libexec/git-core;C:/Program Files/Git/mingw64/libexec/git-core;C:\Program Files\Git\mingw64\bin;C:\Program Files\Git\usr\bin;C:\Users\chris\bin;C:\Users\chris\.jdks\graalvm-jdk-25\bin;C:\Program Files\Eclipse Adoptium\jdk-17.0.13.11-hotspot\bin;C:\Program Files (x86)\Common Files\Oracle\Java\java8path;C:\Program Files (x86)\Common Files\Oracle\Java\javapath;C:\Program Files\Oculus\Support\oculus-runtime;C:\Windows\system32;C:\Windows;C:\Windows\System32\Wbem;C:\Windows\System32\WindowsPowerShell\v1.0\;C:\Windows\System32\OpenSSH\;C:\Program Files (x86)\NVIDIA Corporation\PhysX\Common;C:\Program Files\NVIDIA Corporation\NVIDIA NvDLISR;C:\Program Files\Git\cmd;C:\Program Files\dotnet\;C:\Users\chris\AppData\Local\Programs\Python\Python310\Scripts\;C:\Users\chris\AppData\Local\Programs\Python\Python310\;C:\Users\chris\AppData\Local\Programs\Eclipse Adoptium\jdk-21.0.4.7-hotspot\bin;C:\Python\Python312\Scripts\;C:\Python\Python312\;C:\Users\chris\AppData\Local\Programs\Python\Launcher\;C:\Users\chris\AppData\Local\Microsoft\WindowsApps;C:\Users\chris\AppData\Local\Programs\Microsoft VS Code\bin
USERNAME=chris
DISPLAY=:0.0
LC_ALL=en_US.UTF-8
TERM=xterm-256color
TMPDIR=C:\Users\chris\AppData\Local\Temp
OS=Windows_NT
PROCESSOR_IDENTIFIER=Intel64 Family 6 Model 158 Stepping 13, GenuineIntel
TMP=C:\Users\chris\AppData\Local\Temp
TEMP=C:\Users\chris\AppData\Local\Temp




Compilation memory statistics disabled.

Periodic native trim disabled

JNI global refs:
JNI global refs: 18, weak refs: 0

JNI global refs memory usage: 835, weak refs: 201

Process memory usage:
Resident Set Size: 55680K (0% of 16694600K total physical memory with 684016K free physical memory)

OOME stack traces (most recent first):
Classloader memory used:
